=== Log started: 2026-01-09 10:43:08 (EDITOR/HOST) ===
=== Log file: D:/Google Drive/Unity/KingdomOvAnimals/KingdomOvAnimals/Assets\..\Docs\log_editor.log ===

[0.83s] [ERROR] No cloud project ID was found by the Analytics SDK. This means Analytics events will not be sent. Please make sure to link your cloud project in the Unity editor to fix this problem.
UnityEngine.Debug:LogError (object)
Unity.Services.Analytics.AnalyticsServiceInstance:.ctor () (at Library/PackageCache/com.unity.services.analytics@4.2.0/Runtime/AnalyticsServiceInstance.cs:55)
Unity.Services.Analytics.AnalyticsService:.cctor () (at Library/PackageCache/com.unity.services.analytics@4.2.0/Runtime/AnalyticsService.cs:7)
UnityEngine.GameObject:AddComponent<Unity.Services.Analytics.AnalyticsLifetime> ()
Unity.Services.Analytics.ContainerObject:Initialize () (at Library/PackageCache/com.unity.services.analytics@4.2.0/Runtime/Runtime/AnalyticsLifetime.cs:88)

[2.23s] [MainMenu] Finding match...
UnityEngine.Debug:Log (object)
MainMenuController:OnJoinClicked () (at Assets/Scripts/Network/MainMenuController.cs:75)
UnityEngine.EventSystems.EventSystem:Update () (at Library/PackageCache/com.unity.ugui@1.0.0/Runtime/EventSystem/EventSystem.cs:501)

[2.23s] [MainMenu] Attempting to join existing game...
UnityEngine.Debug:Log (object)
MainMenuController/<TryJoinOrHost>d__17:MoveNext () (at Assets/Scripts/Network/MainMenuController.cs:89)
UnityEngine.MonoBehaviour:StartCoroutine (System.Collections.IEnumerator)
MainMenuController:OnJoinClicked () (at Assets/Scripts/Network/MainMenuController.cs:80)
UnityEngine.EventSystems.EventSystem:Update () (at Library/PackageCache/com.unity.ugui@1.0.0/Runtime/EventSystem/EventSystem.cs:501)

[2.23s] Local client is starting for Tugboat. Server IP is localhost, port is 7770.
UnityEngine.Debug:Log (object)
FishNet.Managing.Logging.LevelLoggingConfiguration:Log (string) (at Assets/FishNet/Runtime/Managing/Logging/LevelLoggingConfiguration.cs:109)
FishNet.Managing.NetworkManager:InternalLog (string) (at Assets/FishNet/Runtime/Managing/NetworkManager.Logging.cs:54)
FishNet.Managing.NetworkManagerExtensions:Log (FishNet.Managing.NetworkManager,string) (at Assets/FishNet/Runtime/Managing/NetworkManager.Logging.cs:123)
FishNet.Managing.Client.ClientManager:Transport_OnClientConnectionState (FishNet.Transporting.ClientConnectionStateArgs) (at Assets/FishNet/Runtime/Managing/Client/ClientManager.cs:330)
FishNet.Transporting.Tugboat.Tugboat:HandleClientConnectionState (FishNet.Transporting.ClientConnectionStateArgs) (at Assets/FishNet/Runtime/Transporting/Transports/Tugboat/Tugboat.cs:171)
FishNet.Transporting.Tugboat.CommonSocket:SetConnectionState (FishNet.Transporting.LocalConnectionState,bool) (at Assets/FishNet/Runtime/Transporting/Transports/Tugboat/Core/CommonSocket.cs:40)
FishNet.Transporting.Tugboat.Client.ClientSocket:StartConnection (string,uint16) (at Assets/FishNet/Runtime/Transporting/Transports/Tugboat/Core/ClientSocket.cs:152)
FishNet.Transporting.Tugboat.Tugboat:StartClient (string) (at Assets/FishNet/Runtime/Transporting/Transports/Tugboat/Tugboat.cs:470)
FishNet.Transporting.Tugboat.Tugboat:StartConnection (bool) (at Assets/FishNet/Runtime/Transporting/Transports/Tugboat/Tugboat.cs:403)
FishNet.Managing.Client.ClientManager:StartConnection () (at Assets/FishNet/Runtime/Managing/Client/ClientManager.cs:276)
MainMenuController/<TryJoinOrHost>d__17:MoveNext () (at Assets/Scripts/Network/MainMenuController.cs:90)
UnityEngine.MonoBehaviour:StartCoroutine (System.Collections.IEnumerator)
MainMenuController:OnJoinClicked () (at Assets/Scripts/Network/MainMenuController.cs:80)
UnityEngine.EventSystems.EventSystem:Update () (at Library/PackageCache/com.unity.ugui@1.0.0/Runtime/EventSystem/EventSystem.cs:501)

[2.23s] [PlayerConnectionHandler] OnClientConnectionState: Starting, _isWaitingForHostReconnect=False, ReconnectionManager.IsWaiting=False
UnityEngine.Debug:Log (object)
PlayerConnectionHandler:OnClientConnectionState (FishNet.Transporting.ClientConnectionStateArgs) (at Assets/Scripts/Network/PlayerConnectionHandler.cs:165)
FishNet.Managing.Client.ClientManager:Transport_OnClientConnectionState (FishNet.Transporting.ClientConnectionStateArgs) (at Assets/FishNet/Runtime/Managing/Client/ClientManager.cs:334)
FishNet.Transporting.Tugboat.Tugboat:HandleClientConnectionState (FishNet.Transporting.ClientConnectionStateArgs) (at Assets/FishNet/Runtime/Transporting/Transports/Tugboat/Tugboat.cs:171)
FishNet.Transporting.Tugboat.CommonSocket:SetConnectionState (FishNet.Transporting.LocalConnectionState,bool) (at Assets/FishNet/Runtime/Transporting/Transports/Tugboat/Core/CommonSocket.cs:40)
FishNet.Transporting.Tugboat.Client.ClientSocket:StartConnection (string,uint16) (at Assets/FishNet/Runtime/Transporting/Transports/Tugboat/Core/ClientSocket.cs:152)
FishNet.Transporting.Tugboat.Tugboat:StartClient (string) (at Assets/FishNet/Runtime/Transporting/Transports/Tugboat/Tugboat.cs:470)
FishNet.Transporting.Tugboat.Tugboat:StartConnection (bool) (at Assets/FishNet/Runtime/Transporting/Transports/Tugboat/Tugboat.cs:403)
FishNet.Managing.Client.ClientManager:StartConnection () (at Assets/FishNet/Runtime/Managing/Client/ClientManager.cs:276)
MainMenuController/<TryJoinOrHost>d__17:MoveNext () (at Assets/Scripts/Network/MainMenuController.cs:90)
UnityEngine.MonoBehaviour:StartCoroutine (System.Collections.IEnumerator)
MainMenuController:OnJoinClicked () (at Assets/Scripts/Network/MainMenuController.cs:80)
UnityEngine.EventSystems.EventSystem:Update () (at Library/PackageCache/com.unity.ugui@1.0.0/Runtime/EventSystem/EventSystem.cs:501)

[3.98s] Local client is started for Tugboat.
UnityEngine.Debug:Log (object)
FishNet.Managing.Logging.LevelLoggingConfiguration:Log (string) (at Assets/FishNet/Runtime/Managing/Logging/LevelLoggingConfiguration.cs:109)
FishNet.Managing.NetworkManager:InternalLog (string) (at Assets/FishNet/Runtime/Managing/NetworkManager.Logging.cs:54)
FishNet.Managing.NetworkManagerExtensions:Log (FishNet.Managing.NetworkManager,string) (at Assets/FishNet/Runtime/Managing/NetworkManager.Logging.cs:123)
FishNet.Managing.Client.ClientManager:Transport_OnClientConnectionState (FishNet.Transporting.ClientConnectionStateArgs) (at Assets/FishNet/Runtime/Managing/Client/ClientManager.cs:330)
FishNet.Transporting.Tugboat.Tugboat:HandleClientConnectionState (FishNet.Transporting.ClientConnectionStateArgs) (at Assets/FishNet/Runtime/Transporting/Transports/Tugboat/Tugboat.cs:171)
FishNet.Transporting.Tugboat.CommonSocket:SetConnectionState (FishNet.Transporting.LocalConnectionState,bool) (at Assets/FishNet/Runtime/Transporting/Transports/Tugboat/Core/CommonSocket.cs:40)
FishNet.Transporting.Tugboat.Client.ClientSocket:IterateIncoming () (at Assets/FishNet/Runtime/Transporting/Transports/Tugboat/Core/ClientSocket.cs:274)
FishNet.Transporting.Tugboat.Tugboat:IterateIncoming (bool) (at Assets/FishNet/Runtime/Transporting/Transports/Tugboat/Tugboat.cs:211)
FishNet.Managing.Transporting.TransportManager:IterateIncoming (bool) (at Assets/FishNet/Runtime/Managing/Transporting/TransportManager.cs:705)
FishNet.Managing.Timing.TimeManager:TryIterateData (bool) (at Assets/FishNet/Runtime/Managing/Timing/TimeManager.cs:1043)
FishNet.Managing.Timing.TimeManager:IncreaseTick () (at Assets/FishNet/Runtime/Managing/Timing/TimeManager.cs:708)
FishNet.Managing.Timing.TimeManager:<TickUpdate>g__MethodLogic|100_0 () (at Assets/FishNet/Runtime/Managing/Timing/TimeManager.cs:376)
FishNet.Managing.Timing.TimeManager:TickUpdate () (at Assets/FishNet/Runtime/Managing/Timing/TimeManager.cs:366)
FishNet.Transporting.NetworkReaderLoop:Update () (at Assets/FishNet/Runtime/Transporting/NetworkReaderLoop.cs:28)

[3.98s] [PlayerConnectionHandler] OnClientConnectionState: Started, _isWaitingForHostReconnect=False, ReconnectionManager.IsWaiting=False
UnityEngine.Debug:Log (object)
PlayerConnectionHandler:OnClientConnectionState (FishNet.Transporting.ClientConnectionStateArgs) (at Assets/Scripts/Network/PlayerConnectionHandler.cs:165)
FishNet.Managing.Client.ClientManager:Transport_OnClientConnectionState (FishNet.Transporting.ClientConnectionStateArgs) (at Assets/FishNet/Runtime/Managing/Client/ClientManager.cs:334)
FishNet.Transporting.Tugboat.Tugboat:HandleClientConnectionState (FishNet.Transporting.ClientConnectionStateArgs) (at Assets/FishNet/Runtime/Transporting/Transports/Tugboat/Tugboat.cs:171)
FishNet.Transporting.Tugboat.CommonSocket:SetConnectionState (FishNet.Transporting.LocalConnectionState,bool) (at Assets/FishNet/Runtime/Transporting/Transports/Tugboat/Core/CommonSocket.cs:40)
FishNet.Transporting.Tugboat.Client.ClientSocket:IterateIncoming () (at Assets/FishNet/Runtime/Transporting/Transports/Tugboat/Core/ClientSocket.cs:274)
FishNet.Transporting.Tugboat.Tugboat:IterateIncoming (bool) (at Assets/FishNet/Runtime/Transporting/Transports/Tugboat/Tugboat.cs:211)
FishNet.Managing.Transporting.TransportManager:IterateIncoming (bool) (at Assets/FishNet/Runtime/Managing/Transporting/TransportManager.cs:705)
FishNet.Managing.Timing.TimeManager:TryIterateData (bool) (at Assets/FishNet/Runtime/Managing/Timing/TimeManager.cs:1043)
FishNet.Managing.Timing.TimeManager:IncreaseTick () (at Assets/FishNet/Runtime/Managing/Timing/TimeManager.cs:708)
FishNet.Managing.Timing.TimeManager:<TickUpdate>g__MethodLogic|100_0 () (at Assets/FishNet/Runtime/Managing/Timing/TimeManager.cs:376)
FishNet.Managing.Timing.TimeManager:TickUpdate () (at Assets/FishNet/Runtime/Managing/Timing/TimeManager.cs:366)
FishNet.Transporting.NetworkReaderLoop:Update () (at Assets/FishNet/Runtime/Transporting/NetworkReaderLoop.cs:28)

[3.98s] [PlayerConnectionHandler] Connection started (normal connect, not reconnect)
UnityEngine.Debug:Log (object)
PlayerConnectionHandler:OnClientConnectionState (FishNet.Transporting.ClientConnectionStateArgs) (at Assets/Scripts/Network/PlayerConnectionHandler.cs:179)
FishNet.Managing.Client.ClientManager:Transport_OnClientConnectionState (FishNet.Transporting.ClientConnectionStateArgs) (at Assets/FishNet/Runtime/Managing/Client/ClientManager.cs:334)
FishNet.Transporting.Tugboat.Tugboat:HandleClientConnectionState (FishNet.Transporting.ClientConnectionStateArgs) (at Assets/FishNet/Runtime/Transporting/Transports/Tugboat/Tugboat.cs:171)
FishNet.Transporting.Tugboat.CommonSocket:SetConnectionState (FishNet.Transporting.LocalConnectionState,bool) (at Assets/FishNet/Runtime/Transporting/Transports/Tugboat/Core/CommonSocket.cs:40)
FishNet.Transporting.Tugboat.Client.ClientSocket:IterateIncoming () (at Assets/FishNet/Runtime/Transporting/Transports/Tugboat/Core/ClientSocket.cs:274)
FishNet.Transporting.Tugboat.Tugboat:IterateIncoming (bool) (at Assets/FishNet/Runtime/Transporting/Transports/Tugboat/Tugboat.cs:211)
FishNet.Managing.Transporting.TransportManager:IterateIncoming (bool) (at Assets/FishNet/Runtime/Managing/Transporting/TransportManager.cs:705)
FishNet.Managing.Timing.TimeManager:TryIterateData (bool) (at Assets/FishNet/Runtime/Managing/Timing/TimeManager.cs:1043)
FishNet.Managing.Timing.TimeManager:IncreaseTick () (at Assets/FishNet/Runtime/Managing/Timing/TimeManager.cs:708)
FishNet.Managing.Timing.TimeManager:<TickUpdate>g__MethodLogic|100_0 () (at Assets/FishNet/Runtime/Managing/Timing/TimeManager.cs:376)
FishNet.Managing.Timing.TimeManager:TickUpdate () (at Assets/FishNet/Runtime/Managing/Timing/TimeManager.cs:366)
FishNet.Transporting.NetworkReaderLoop:Update () (at Assets/FishNet/Runtime/Transporting/NetworkReaderLoop.cs:28)

[3.98s] [MainMenu] Connected to server!
UnityEngine.Debug:Log (object)
MainMenuController:OnClientConnectionState (FishNet.Transporting.ClientConnectionStateArgs) (at Assets/Scripts/Network/MainMenuController.cs:178)
FishNet.Managing.Client.ClientManager:Transport_OnClientConnectionState (FishNet.Transporting.ClientConnectionStateArgs) (at Assets/FishNet/Runtime/Managing/Client/ClientManager.cs:334)
FishNet.Transporting.Tugboat.Tugboat:HandleClientConnectionState (FishNet.Transporting.ClientConnectionStateArgs) (at Assets/FishNet/Runtime/Transporting/Transports/Tugboat/Tugboat.cs:171)
FishNet.Transporting.Tugboat.CommonSocket:SetConnectionState (FishNet.Transporting.LocalConnectionState,bool) (at Assets/FishNet/Runtime/Transporting/Transports/Tugboat/Core/CommonSocket.cs:40)
FishNet.Transporting.Tugboat.Client.ClientSocket:IterateIncoming () (at Assets/FishNet/Runtime/Transporting/Transports/Tugboat/Core/ClientSocket.cs:274)
FishNet.Transporting.Tugboat.Tugboat:IterateIncoming (bool) (at Assets/FishNet/Runtime/Transporting/Transports/Tugboat/Tugboat.cs:211)
FishNet.Managing.Transporting.TransportManager:IterateIncoming (bool) (at Assets/FishNet/Runtime/Managing/Transporting/TransportManager.cs:705)
FishNet.Managing.Timing.TimeManager:TryIterateData (bool) (at Assets/FishNet/Runtime/Managing/Timing/TimeManager.cs:1043)
FishNet.Managing.Timing.TimeManager:IncreaseTick () (at Assets/FishNet/Runtime/Managing/Timing/TimeManager.cs:708)
FishNet.Managing.Timing.TimeManager:<TickUpdate>g__MethodLogic|100_0 () (at Assets/FishNet/Runtime/Managing/Timing/TimeManager.cs:376)
FishNet.Managing.Timing.TimeManager:TickUpdate () (at Assets/FishNet/Runtime/Managing/Timing/TimeManager.cs:366)
FishNet.Transporting.NetworkReaderLoop:Update () (at Assets/FishNet/Runtime/Transporting/NetworkReaderLoop.cs:28)

[5.17s] NetworkManager on object NetworkManager is being destroyed due to persistence type DestroyNewest. A NetworkManager instance already exist on NetworkManager.
UnityEngine.Debug:Log (object)
FishNet.Managing.Logging.LevelLoggingConfiguration:Log (string) (at Assets/FishNet/Runtime/Managing/Logging/LevelLoggingConfiguration.cs:109)
FishNet.Managing.NetworkManager:InternalLog (string) (at Assets/FishNet/Runtime/Managing/NetworkManager.Logging.cs:54)
FishNet.Managing.NetworkManager:CanInitialize () (at Assets/FishNet/Runtime/Managing/NetworkManager.cs:388)
FishNet.Managing.NetworkManager:Awake () (at Assets/FishNet/Runtime/Managing/NetworkManager.cs:258)

[5.17s] [PlayerController] Player UpdatePlayerUI: health=20, mana=0, healthText=assigned, manaText=assigned
UnityEngine.Debug:Log (object)
PlayerController:UpdatePlayerUI () (at Assets/Scripts/Controllers/PlayerController.cs:47)
PlayerController:Awake () (at Assets/Scripts/Controllers/PlayerController.cs:41)

[5.17s] [PlayerConnectionHandler] Duplicate instance 267884 found (original=267300), destroying this one
UnityEngine.Debug:Log (object)
PlayerConnectionHandler:Awake () (at Assets/Scripts/Network/PlayerConnectionHandler.cs:97)

[5.17s] [PlayerController] Opponent UpdatePlayerUI: health=20, mana=0, healthText=assigned, manaText=assigned
UnityEngine.Debug:Log (object)
PlayerController:UpdatePlayerUI () (at Assets/Scripts/Controllers/PlayerController.cs:47)
PlayerController:Awake () (at Assets/Scripts/Controllers/PlayerController.cs:41)

[5.18s] [CardController] UpdateCardUI called for 'Bear' - Health: 4, Mana: 3, Attack: 3, Defense: 0
UnityEngine.Debug:Log (object)
CardController:UpdateCardUI () (at Assets/Scripts/Controllers/CardController.cs:117)
CardController:InitializeFromData (KOA.Data.CardData) (at Assets/Scripts/Controllers/CardController.cs:111)
CardController:Start () (at Assets/Scripts/Controllers/CardController.cs:75)

[5.18s] [CardController] Text refs - Name: OK, Mana: OK, Health: OK, Attack: OK, Defense: OK
UnityEngine.Debug:Log (object)
CardController:UpdateCardUI () (at Assets/Scripts/Controllers/CardController.cs:118)
CardController:InitializeFromData (KOA.Data.CardData) (at Assets/Scripts/Controllers/CardController.cs:111)
CardController:Start () (at Assets/Scripts/Controllers/CardController.cs:75)

[5.18s] [CardController] UpdateCardUI called for 'Bear' - Health: 4, Mana: 3, Attack: 3, Defense: 0
UnityEngine.Debug:Log (object)
CardController:UpdateCardUI () (at Assets/Scripts/Controllers/CardController.cs:117)
CardController:Start () (at Assets/Scripts/Controllers/CardController.cs:84)

[5.18s] [CardController] Text refs - Name: OK, Mana: OK, Health: OK, Attack: OK, Defense: OK
UnityEngine.Debug:Log (object)
CardController:UpdateCardUI () (at Assets/Scripts/Controllers/CardController.cs:118)
CardController:Start () (at Assets/Scripts/Controllers/CardController.cs:84)

[5.18s] [CardController] UpdateCardUI called for 'Eagle' - Health: 2, Mana: 2, Attack: 2, Defense: 0
UnityEngine.Debug:Log (object)
CardController:UpdateCardUI () (at Assets/Scripts/Controllers/CardController.cs:117)
CardController:InitializeFromData (KOA.Data.CardData) (at Assets/Scripts/Controllers/CardController.cs:111)
CardController:Start () (at Assets/Scripts/Controllers/CardController.cs:75)

[5.18s] [CardController] Text refs - Name: OK, Mana: OK, Health: OK, Attack: OK, Defense: OK
UnityEngine.Debug:Log (object)
CardController:UpdateCardUI () (at Assets/Scripts/Controllers/CardController.cs:118)
CardController:InitializeFromData (KOA.Data.CardData) (at Assets/Scripts/Controllers/CardController.cs:111)
CardController:Start () (at Assets/Scripts/Controllers/CardController.cs:75)

[5.18s] [CardController] UpdateCardUI called for 'Eagle' - Health: 2, Mana: 2, Attack: 2, Defense: 0
UnityEngine.Debug:Log (object)
CardController:UpdateCardUI () (at Assets/Scripts/Controllers/CardController.cs:117)
CardController:Start () (at Assets/Scripts/Controllers/CardController.cs:84)

[5.18s] [CardController] Text refs - Name: OK, Mana: OK, Health: OK, Attack: OK, Defense: OK
UnityEngine.Debug:Log (object)
CardController:UpdateCardUI () (at Assets/Scripts/Controllers/CardController.cs:118)
CardController:Start () (at Assets/Scripts/Controllers/CardController.cs:84)

[5.18s] [CardController] UpdateCardUI called for 'Lion' - Health: 3, Mana: 2, Attack: 2, Defense: 1
UnityEngine.Debug:Log (object)
CardController:UpdateCardUI () (at Assets/Scripts/Controllers/CardController.cs:117)
CardController:InitializeFromData (KOA.Data.CardData) (at Assets/Scripts/Controllers/CardController.cs:111)
CardController:Start () (at Assets/Scripts/Controllers/CardController.cs:75)

[5.18s] [CardController] Text refs - Name: OK, Mana: OK, Health: OK, Attack: OK, Defense: OK
UnityEngine.Debug:Log (object)
CardController:UpdateCardUI () (at Assets/Scripts/Controllers/CardController.cs:118)
CardController:InitializeFromData (KOA.Data.CardData) (at Assets/Scripts/Controllers/CardController.cs:111)
CardController:Start () (at Assets/Scripts/Controllers/CardController.cs:75)

[5.18s] [CardController] UpdateCardUI called for 'Lion' - Health: 3, Mana: 2, Attack: 2, Defense: 1
UnityEngine.Debug:Log (object)
CardController:UpdateCardUI () (at Assets/Scripts/Controllers/CardController.cs:117)
CardController:Start () (at Assets/Scripts/Controllers/CardController.cs:84)

[5.18s] [CardController] Text refs - Name: OK, Mana: OK, Health: OK, Attack: OK, Defense: OK
UnityEngine.Debug:Log (object)
CardController:UpdateCardUI () (at Assets/Scripts/Controllers/CardController.cs:118)
CardController:Start () (at Assets/Scripts/Controllers/CardController.cs:84)

[5.18s] [CardController] UpdateCardUI called for 'Elephant' - Health: 5, Mana: 4, Attack: 3, Defense: 0
UnityEngine.Debug:Log (object)
CardController:UpdateCardUI () (at Assets/Scripts/Controllers/CardController.cs:117)
CardController:InitializeFromData (KOA.Data.CardData) (at Assets/Scripts/Controllers/CardController.cs:111)
CardController:Start () (at Assets/Scripts/Controllers/CardController.cs:75)

[5.18s] [CardController] Text refs - Name: OK, Mana: OK, Health: OK, Attack: OK, Defense: OK
UnityEngine.Debug:Log (object)
CardController:UpdateCardUI () (at Assets/Scripts/Controllers/CardController.cs:118)
CardController:InitializeFromData (KOA.Data.CardData) (at Assets/Scripts/Controllers/CardController.cs:111)
CardController:Start () (at Assets/Scripts/Controllers/CardController.cs:75)

[5.18s] [CardController] UpdateCardUI called for 'Elephant' - Health: 5, Mana: 4, Attack: 3, Defense: 0
UnityEngine.Debug:Log (object)
CardController:UpdateCardUI () (at Assets/Scripts/Controllers/CardController.cs:117)
CardController:Start () (at Assets/Scripts/Controllers/CardController.cs:84)

[5.18s] [CardController] Text refs - Name: OK, Mana: OK, Health: OK, Attack: OK, Defense: OK
UnityEngine.Debug:Log (object)
CardController:UpdateCardUI () (at Assets/Scripts/Controllers/CardController.cs:118)
CardController:Start () (at Assets/Scripts/Controllers/CardController.cs:84)

[5.18s] [CardController] UpdateCardUI called for 'Snake' - Health: 2, Mana: 1, Attack: 1, Defense: 0
UnityEngine.Debug:Log (object)
CardController:UpdateCardUI () (at Assets/Scripts/Controllers/CardController.cs:117)
CardController:InitializeFromData (KOA.Data.CardData) (at Assets/Scripts/Controllers/CardController.cs:111)
CardController:Start () (at Assets/Scripts/Controllers/CardController.cs:75)

[5.18s] [CardController] Text refs - Name: OK, Mana: OK, Health: OK, Attack: OK, Defense: OK
UnityEngine.Debug:Log (object)
CardController:UpdateCardUI () (at Assets/Scripts/Controllers/CardController.cs:118)
CardController:InitializeFromData (KOA.Data.CardData) (at Assets/Scripts/Controllers/CardController.cs:111)
CardController:Start () (at Assets/Scripts/Controllers/CardController.cs:75)

[5.18s] [CardController] UpdateCardUI called for 'Snake' - Health: 2, Mana: 1, Attack: 1, Defense: 0
UnityEngine.Debug:Log (object)
CardController:UpdateCardUI () (at Assets/Scripts/Controllers/CardController.cs:117)
CardController:Start () (at Assets/Scripts/Controllers/CardController.cs:84)

[5.18s] [CardController] Text refs - Name: OK, Mana: OK, Health: OK, Attack: OK, Defense: OK
UnityEngine.Debug:Log (object)
CardController:UpdateCardUI () (at Assets/Scripts/Controllers/CardController.cs:118)
CardController:Start () (at Assets/Scripts/Controllers/CardController.cs:84)

[5.18s] [WARN] HealAmountText is not assigned in HealAbility.
UnityEngine.Debug:LogWarning (object)
Ability_Heal:UpdateUI () (at Assets/Scripts/Abilities/Ability_Heal.cs:26)
Ability_Heal:Start () (at Assets/Scripts/Abilities/Ability_Heal.cs:14)

[5.19s] [CardLibrary] Loaded 5 CardData assets from Resources/Cards
UnityEngine.Debug:Log (object)
CardLibrary:LoadCardDataAssets () (at Assets/Scripts/Data/CardLibrary.cs:96)
CardLibrary:Awake () (at Assets/Scripts/Data/CardLibrary.cs:42)
UnityEngine.GameObject:AddComponent<CardLibrary> ()
CardLibrary:EnsureInitialized () (at Assets/Scripts/Data/CardLibrary.cs:350)
EncounterController:Start () (at Assets/Scripts/Controllers/EncounterController.cs:56)

[5.19s] [CardLibrary] Loaded 10 AbilityData assets from Resources/Abilities
UnityEngine.Debug:Log (object)
CardLibrary:LoadAbilityDataAssets () (at Assets/Scripts/Data/CardLibrary.cs:126)
CardLibrary:Awake () (at Assets/Scripts/Data/CardLibrary.cs:43)
UnityEngine.GameObject:AddComponent<CardLibrary> ()
CardLibrary:EnsureInitialized () (at Assets/Scripts/Data/CardLibrary.cs:350)
EncounterController:Start () (at Assets/Scripts/Controllers/EncounterController.cs:56)

[5.19s] [CardLibrary] Found 0 PlayerController(s)
UnityEngine.Debug:Log (object)
CardLibrary:AutoPopulateFromScene () (at Assets/Scripts/Data/CardLibrary.cs:280)
CardLibrary:EnsureInitialized () (at Assets/Scripts/Data/CardLibrary.cs:355)
EncounterController:Start () (at Assets/Scripts/Controllers/EncounterController.cs:56)

[5.19s] [CardLibrary] No cards found in PlayerController decks, searching all CardControllers...
UnityEngine.Debug:Log (object)
CardLibrary:AutoPopulateFromScene () (at Assets/Scripts/Data/CardLibrary.cs:310)
CardLibrary:EnsureInitialized () (at Assets/Scripts/Data/CardLibrary.cs:355)
EncounterController:Start () (at Assets/Scripts/Controllers/EncounterController.cs:56)

[5.19s] [CardLibrary] Found 5 CardController(s) in scene
UnityEngine.Debug:Log (object)
CardLibrary:AutoPopulateFromScene () (at Assets/Scripts/Data/CardLibrary.cs:312)
CardLibrary:EnsureInitialized () (at Assets/Scripts/Data/CardLibrary.cs:355)
EncounterController:Start () (at Assets/Scripts/Controllers/EncounterController.cs:56)

[5.19s] [CardLibrary] Fallback registered: Bear
UnityEngine.Debug:Log (object)
CardLibrary:AutoPopulateFromScene () (at Assets/Scripts/Data/CardLibrary.cs:321)
CardLibrary:EnsureInitialized () (at Assets/Scripts/Data/CardLibrary.cs:355)
EncounterController:Start () (at Assets/Scripts/Controllers/EncounterController.cs:56)

[5.19s] [CardLibrary] Fallback registered: Eagle
UnityEngine.Debug:Log (object)
CardLibrary:AutoPopulateFromScene () (at Assets/Scripts/Data/CardLibrary.cs:321)
CardLibrary:EnsureInitialized () (at Assets/Scripts/Data/CardLibrary.cs:355)
EncounterController:Start () (at Assets/Scripts/Controllers/EncounterController.cs:56)

[5.19s] [CardLibrary] Fallback registered: Lion
UnityEngine.Debug:Log (object)
CardLibrary:AutoPopulateFromScene () (at Assets/Scripts/Data/CardLibrary.cs:321)
CardLibrary:EnsureInitialized () (at Assets/Scripts/Data/CardLibrary.cs:355)
EncounterController:Start () (at Assets/Scripts/Controllers/EncounterController.cs:56)

[5.19s] [CardLibrary] Fallback registered: Elephant
UnityEngine.Debug:Log (object)
CardLibrary:AutoPopulateFromScene () (at Assets/Scripts/Data/CardLibrary.cs:321)
CardLibrary:EnsureInitialized () (at Assets/Scripts/Data/CardLibrary.cs:355)
EncounterController:Start () (at Assets/Scripts/Controllers/EncounterController.cs:56)

[5.19s] [CardLibrary] Fallback registered: Snake
UnityEngine.Debug:Log (object)
CardLibrary:AutoPopulateFromScene () (at Assets/Scripts/Data/CardLibrary.cs:321)
CardLibrary:EnsureInitialized () (at Assets/Scripts/Data/CardLibrary.cs:355)
EncounterController:Start () (at Assets/Scripts/Controllers/EncounterController.cs:56)

[5.19s] [CardLibrary] Auto-populate complete. Total cards: 5
UnityEngine.Debug:Log (object)
CardLibrary:AutoPopulateFromScene () (at Assets/Scripts/Data/CardLibrary.cs:328)
CardLibrary:EnsureInitialized () (at Assets/Scripts/Data/CardLibrary.cs:355)
EncounterController:Start () (at Assets/Scripts/Controllers/EncounterController.cs:56)

[5.20s] [EncounterController] Network game detected, waiting for network to start game...
UnityEngine.Debug:Log (object)
EncounterController:Start () (at Assets/Scripts/Controllers/EncounterController.cs:68)

[5.20s] [WARN] [TargetingController] Board slots not found - scene may still be loading
UnityEngine.Debug:LogWarning (object)
TargetingController:HasOpenBoardSlot (PlayerController) (at Assets/Scripts/Controllers/TargetingController.cs:176)
TargetingController:GetPlayableCardsInHand () (at Assets/Scripts/Controllers/TargetingController.cs:17)
HandController:VisualizePlayableHand () (at Assets/Scripts/Controllers/HandController.cs:364)
HandController:Start () (at Assets/Scripts/Controllers/HandController.cs:41)

[5.20s] No open slots available.
UnityEngine.Debug:Log (object)
TargetingController:GetPlayableCardsInHand () (at Assets/Scripts/Controllers/TargetingController.cs:19)
HandController:VisualizePlayableHand () (at Assets/Scripts/Controllers/HandController.cs:364)
HandController:Start () (at Assets/Scripts/Controllers/HandController.cs:41)

[5.37s] [NetworkGameManager] Client started, looking for NetworkPlayers...
UnityEngine.Debug:Log (object)
NetworkGameManager:OnStartClient () (at Assets/Scripts/Network/NetworkGameManager.cs:159)
FishNet.Object.NetworkBehaviour:OnStartClient_Internal () (at Assets/FishNet/Runtime/Object/NetworkBehaviour.Callbacks.cs:172)
FishNet.Object.NetworkObject:InvokeStartCallbacks (bool,bool) (at Assets/FishNet/Runtime/Object/NetworkObject.Callbacks.cs:55)
FishNet.Object.NetworkObject:Initialize (bool,bool) (at Assets/FishNet/Runtime/Object/NetworkObject.cs:942)
FishNet.Managing.Client.ClientObjectCache:Iterate () (at Assets/FishNet/Runtime/Managing/Client/Object/ObjectCaching.cs:437)
FishNet.Managing.Client.ClientObjects:IterateObjectCache () (at Assets/FishNet/Runtime/Managing/Client/Object/ClientObjects.cs:482)
FishNet.Managing.Client.ClientManager:ParseReader (FishNet.Serializing.PooledReader,FishNet.Transporting.Channel,bool) (at Assets/FishNet/Runtime/Managing/Client/ClientManager.cs:537)
FishNet.Managing.Client.ClientManager:ParseReceived (FishNet.Transporting.ClientReceivedDataArgs) (at Assets/FishNet/Runtime/Managing/Client/ClientManager.cs:384)
FishNet.Managing.Client.ClientManager:Transport_OnClientReceivedData (FishNet.Transporting.ClientReceivedDataArgs) (at Assets/FishNet/Runtime/Managing/Client/ClientManager.cs:342)
FishNet.Transporting.Tugboat.Tugboat:HandleClientReceivedDataArgs (FishNet.Transporting.ClientReceivedDataArgs) (at Assets/FishNet/Runtime/Transporting/Transports/Tugboat/Tugboat.cs:238)
FishNet.Transporting.Tugboat.Client.ClientSocket:IterateIncoming () (at Assets/FishNet/Runtime/Transporting/Transports/Tugboat/Core/ClientSocket.cs:295)
FishNet.Transporting.Tugboat.Tugboat:IterateIncoming (bool) (at Assets/FishNet/Runtime/Transporting/Transports/Tugboat/Tugboat.cs:211)
FishNet.Managing.Transporting.TransportManager:IterateIncoming (bool) (at Assets/FishNet/Runtime/Managing/Transporting/TransportManager.cs:705)
FishNet.Managing.Timing.TimeManager:TryIterateData (bool) (at Assets/FishNet/Runtime/Managing/Timing/TimeManager.cs:1043)
FishNet.Managing.Timing.TimeManager:IncreaseTick () (at Assets/FishNet/Runtime/Managing/Timing/TimeManager.cs:708)
FishNet.Managing.Timing.TimeManager:<TickUpdate>g__MethodLogic|100_0 () (at Assets/FishNet/Runtime/Managing/Timing/TimeManager.cs:376)
FishNet.Managing.Timing.TimeManager:TickUpdate () (at Assets/FishNet/Runtime/Managing/Timing/TimeManager.cs:366)
FishNet.Transporting.NetworkReaderLoop:Update () (at Assets/FishNet/Runtime/Transporting/NetworkReaderLoop.cs:28)

[7.78s] Local client disconnect reason: RemoteConnectionClose.
UnityEngine.Debug:Log (object)
FishNet.Managing.Logging.LevelLoggingConfiguration:Log (string) (at Assets/FishNet/Runtime/Managing/Logging/LevelLoggingConfiguration.cs:109)
FishNet.Managing.NetworkManager:InternalLog (string) (at Assets/FishNet/Runtime/Managing/NetworkManager.Logging.cs:54)
FishNet.Managing.NetworkManagerExtensions:Log (FishNet.Managing.NetworkManager,string) (at Assets/FishNet/Runtime/Managing/NetworkManager.Logging.cs:123)
FishNet.Transporting.Tugboat.Client.ClientSocket:StopConnection (System.Nullable`1<LiteNetLib.DisconnectInfo>) (at Assets/FishNet/Runtime/Transporting/Transports/Tugboat/Core/ClientSocket.cs:174)
FishNet.Transporting.Tugboat.Client.ClientSocket:Listener_PeerDisconnectedEvent (LiteNetLib.NetPeer,LiteNetLib.DisconnectInfo) (at Assets/FishNet/Runtime/Transporting/Transports/Tugboat/Core/ClientSocket.cs:198)
LiteNetLib.EventBasedNetListener:LiteNetLib.INetEventListener.OnPeerDisconnected (LiteNetLib.NetPeer,LiteNetLib.DisconnectInfo) (at Assets/FishNet/Runtime/Transporting/Transports/Tugboat/LiteNetLib/INetEventListener.cs:221)
LiteNetLib.NetManager:ProcessEvent (LiteNetLib.NetEvent) (at Assets/FishNet/Runtime/Transporting/Transports/Tugboat/LiteNetLib/NetManager.cs:499)
LiteNetLib.NetManager:PollEvents (int) (at Assets/FishNet/Runtime/Transporting/Transports/Tugboat/LiteNetLib/NetManager.cs:1501)
FishNet.Transporting.Tugboat.CommonSocket:PollSocket (LiteNetLib.NetManager) (at Assets/FishNet/Runtime/Transporting/Transports/Tugboat/Core/CommonSocket.cs:137)
FishNet.Transporting.Tugboat.Client.ClientSocket:PollSocket () (at Assets/FishNet/Runtime/Transporting/Transports/Tugboat/Core/ClientSocket.cs:95)
FishNet.Transporting.Tugboat.Tugboat:TimeManager_OnUpdate () (at Assets/FishNet/Runtime/Transporting/Transports/Tugboat/Tugboat.cs:199)
FishNet.Managing.Timing.TimeManager:TickUpdate () (at Assets/FishNet/Runtime/Managing/Timing/TimeManager.cs:365)
FishNet.Transporting.NetworkReaderLoop:Update () (at Assets/FishNet/Runtime/Transporting/NetworkReaderLoop.cs:28)

[7.78s] [NetworkGameManager] Client stopped - resetting state for potential reconnect
UnityEngine.Debug:Log (object)
NetworkGameManager:OnStopClient () (at Assets/Scripts/Network/NetworkGameManager.cs:178)
FishNet.Object.NetworkBehaviour:OnStopClient_Internal () (at Assets/FishNet/Runtime/Object/NetworkBehaviour.Callbacks.cs:184)
FishNet.Object.NetworkObject:InvokeStopCallbacks (bool,bool) (at Assets/FishNet/Runtime/Object/NetworkObject.Callbacks.cs:132)
FishNet.Object.NetworkObject:Deinitialize (bool) (at Assets/FishNet/Runtime/Object/NetworkObject.cs:952)
FishNet.Managing.Object.ManagedObjects:DespawnWithoutSynchronization (FishNet.Object.NetworkObject,bool,FishNet.Object.DespawnType,bool) (at Assets/FishNet/Runtime/Managing/Object/ManagedObjects.cs:295)
FishNet.Managing.Object.ManagedObjects:DespawnWithoutSynchronization (bool) (at Assets/FishNet/Runtime/Managing/Object/ManagedObjects.cs:279)
FishNet.Managing.Client.ClientObjects:OnClientConnectionState (FishNet.Transporting.ClientConnectionStateArgs) (at Assets/FishNet/Runtime/Managing/Client/Object/ClientObjects.cs:91)
FishNet.Managing.Client.ClientManager:Transport_OnClientConnectionState (FishNet.Transporting.ClientConnectionStateArgs) (at Assets/FishNet/Runtime/Managing/Client/ClientManager.cs:304)
FishNet.Transporting.Tugboat.Tugboat:HandleClientConnectionState (FishNet.Transporting.ClientConnectionStateArgs) (at Assets/FishNet/Runtime/Transporting/Transports/Tugboat/Tugboat.cs:171)
FishNet.Transporting.Tugboat.CommonSocket:SetConnectionState (FishNet.Transporting.LocalConnectionState,bool) (at Assets/FishNet/Runtime/Transporting/Transports/Tugboat/Core/CommonSocket.cs:40)
FishNet.Transporting.Tugboat.Client.ClientSocket:StopConnection (System.Nullable`1<LiteNetLib.DisconnectInfo>) (at Assets/FishNet/Runtime/Transporting/Transports/Tugboat/Core/ClientSocket.cs:176)
FishNet.Transporting.Tugboat.Client.ClientSocket:Listener_PeerDisconnectedEvent (LiteNetLib.NetPeer,LiteNetLib.DisconnectInfo) (at Assets/FishNet/Runtime/Transporting/Transports/Tugboat/Core/ClientSocket.cs:198)
LiteNetLib.EventBasedNetListener:LiteNetLib.INetEventListener.OnPeerDisconnected (LiteNetLib.NetPeer,LiteNetLib.DisconnectInfo) (at Assets/FishNet/Runtime/Transporting/Transports/Tugboat/LiteNetLib/INetEventListener.cs:221)
LiteNetLib.NetManager:ProcessEvent (LiteNetLib.NetEvent) (at Assets/FishNet/Runtime/Transporting/Transports/Tugboat/LiteNetLib/NetManager.cs:499)
LiteNetLib.NetManager:PollEvents (int) (at Assets/FishNet/Runtime/Transporting/Transports/Tugboat/LiteNetLib/NetManager.cs:1501)
FishNet.Transporting.Tugboat.CommonSocket:PollSocket (LiteNetLib.NetManager) (at Assets/FishNet/Runtime/Transporting/Transports/Tugboat/Core/CommonSocket.cs:137)
FishNet.Transporting.Tugboat.Client.ClientSocket:PollSocket () (at Assets/FishNet/Runtime/Transporting/Transports/Tugboat/Core/ClientSocket.cs:95)
FishNet.Transporting.Tugboat.Tugboat:TimeManager_OnUpdate () (at Assets/FishNet/Runtime/Transporting/Transports/Tugboat/Tugboat.cs:199)
FishNet.Managing.Timing.TimeManager:TickUpdate () (at Assets/FishNet/Runtime/Managing/Timing/TimeManager.cs:365)
FishNet.Transporting.NetworkReaderLoop:Update () (at Assets/FishNet/Runtime/Transporting/NetworkReaderLoop.cs:28)

[7.78s] Local client is stopping for Tugboat.
UnityEngine.Debug:Log (object)
FishNet.Managing.Logging.LevelLoggingConfiguration:Log (string) (at Assets/FishNet/Runtime/Managing/Logging/LevelLoggingConfiguration.cs:109)
FishNet.Managing.NetworkManager:InternalLog (string) (at Assets/FishNet/Runtime/Managing/NetworkManager.Logging.cs:54)
FishNet.Managing.NetworkManagerExtensions:Log (FishNet.Managing.NetworkManager,string) (at Assets/FishNet/Runtime/Managing/NetworkManager.Logging.cs:123)
FishNet.Managing.Client.ClientManager:Transport_OnClientConnectionState (FishNet.Transporting.ClientConnectionStateArgs) (at Assets/FishNet/Runtime/Managing/Client/ClientManager.cs:330)
FishNet.Transporting.Tugboat.Tugboat:HandleClientConnectionState (FishNet.Transporting.ClientConnectionStateArgs) (at Assets/FishNet/Runtime/Transporting/Transports/Tugboat/Tugboat.cs:171)
FishNet.Transporting.Tugboat.CommonSocket:SetConnectionState (FishNet.Transporting.LocalConnectionState,bool) (at Assets/FishNet/Runtime/Transporting/Transports/Tugboat/Core/CommonSocket.cs:40)
FishNet.Transporting.Tugboat.Client.ClientSocket:StopConnection (System.Nullable`1<LiteNetLib.DisconnectInfo>) (at Assets/FishNet/Runtime/Transporting/Transports/Tugboat/Core/ClientSocket.cs:176)
FishNet.Transporting.Tugboat.Client.ClientSocket:Listener_PeerDisconnectedEvent (LiteNetLib.NetPeer,LiteNetLib.DisconnectInfo) (at Assets/FishNet/Runtime/Transporting/Transports/Tugboat/Core/ClientSocket.cs:198)
LiteNetLib.EventBasedNetListener:LiteNetLib.INetEventListener.OnPeerDisconnected (LiteNetLib.NetPeer,LiteNetLib.DisconnectInfo) (at Assets/FishNet/Runtime/Transporting/Transports/Tugboat/LiteNetLib/INetEventListener.cs:221)
LiteNetLib.NetManager:ProcessEvent (LiteNetLib.NetEvent) (at Assets/FishNet/Runtime/Transporting/Transports/Tugboat/LiteNetLib/NetManager.cs:499)
LiteNetLib.NetManager:PollEvents (int) (at Assets/FishNet/Runtime/Transporting/Transports/Tugboat/LiteNetLib/NetManager.cs:1501)
FishNet.Transporting.Tugboat.CommonSocket:PollSocket (LiteNetLib.NetManager) (at Assets/FishNet/Runtime/Transporting/Transports/Tugboat/Core/CommonSocket.cs:137)
FishNet.Transporting.Tugboat.Client.ClientSocket:PollSocket () (at Assets/FishNet/Runtime/Transporting/Transports/Tugboat/Core/ClientSocket.cs:95)
FishNet.Transporting.Tugboat.Tugboat:TimeManager_OnUpdate () (at Assets/FishNet/Runtime/Transporting/Transports/Tugboat/Tugboat.cs:199)
FishNet.Managing.Timing.TimeManager:TickUpdate () (at Assets/FishNet/Runtime/Managing/Timing/TimeManager.cs:365)
FishNet.Transporting.NetworkReaderLoop:Update () (at Assets/FishNet/Runtime/Transporting/NetworkReaderLoop.cs:28)

[7.78s] [PlayerConnectionHandler] OnClientConnectionState: Stopping, _isWaitingForHostReconnect=False, ReconnectionManager.IsWaiting=False
UnityEngine.Debug:Log (object)
PlayerConnectionHandler:OnClientConnectionState (FishNet.Transporting.ClientConnectionStateArgs) (at Assets/Scripts/Network/PlayerConnectionHandler.cs:165)
FishNet.Managing.Client.ClientManager:Transport_OnClientConnectionState (FishNet.Transporting.ClientConnectionStateArgs) (at Assets/FishNet/Runtime/Managing/Client/ClientManager.cs:334)
FishNet.Transporting.Tugboat.Tugboat:HandleClientConnectionState (FishNet.Transporting.ClientConnectionStateArgs) (at Assets/FishNet/Runtime/Transporting/Transports/Tugboat/Tugboat.cs:171)
FishNet.Transporting.Tugboat.CommonSocket:SetConnectionState (FishNet.Transporting.LocalConnectionState,bool) (at Assets/FishNet/Runtime/Transporting/Transports/Tugboat/Core/CommonSocket.cs:40)
FishNet.Transporting.Tugboat.Client.ClientSocket:StopConnection (System.Nullable`1<LiteNetLib.DisconnectInfo>) (at Assets/FishNet/Runtime/Transporting/Transports/Tugboat/Core/ClientSocket.cs:176)
FishNet.Transporting.Tugboat.Client.ClientSocket:Listener_PeerDisconnectedEvent (LiteNetLib.NetPeer,LiteNetLib.DisconnectInfo) (at Assets/FishNet/Runtime/Transporting/Transports/Tugboat/Core/ClientSocket.cs:198)
LiteNetLib.EventBasedNetListener:LiteNetLib.INetEventListener.OnPeerDisconnected (LiteNetLib.NetPeer,LiteNetLib.DisconnectInfo) (at Assets/FishNet/Runtime/Transporting/Transports/Tugboat/LiteNetLib/INetEventListener.cs:221)
LiteNetLib.NetManager:ProcessEvent (LiteNetLib.NetEvent) (at Assets/FishNet/Runtime/Transporting/Transports/Tugboat/LiteNetLib/NetManager.cs:499)
LiteNetLib.NetManager:PollEvents (int) (at Assets/FishNet/Runtime/Transporting/Transports/Tugboat/LiteNetLib/NetManager.cs:1501)
FishNet.Transporting.Tugboat.CommonSocket:PollSocket (LiteNetLib.NetManager) (at Assets/FishNet/Runtime/Transporting/Transports/Tugboat/Core/CommonSocket.cs:137)
FishNet.Transporting.Tugboat.Client.ClientSocket:PollSocket () (at Assets/FishNet/Runtime/Transporting/Transports/Tugboat/Core/ClientSocket.cs:95)
FishNet.Transporting.Tugboat.Tugboat:TimeManager_OnUpdate () (at Assets/FishNet/Runtime/Transporting/Transports/Tugboat/Tugboat.cs:199)
FishNet.Managing.Timing.TimeManager:TickUpdate () (at Assets/FishNet/Runtime/Managing/Timing/TimeManager.cs:365)
FishNet.Transporting.NetworkReaderLoop:Update () (at Assets/FishNet/Runtime/Transporting/NetworkReaderLoop.cs:28)

[7.79s] Local client is stopped for Tugboat.
UnityEngine.Debug:Log (object)
FishNet.Managing.Logging.LevelLoggingConfiguration:Log (string) (at Assets/FishNet/Runtime/Managing/Logging/LevelLoggingConfiguration.cs:109)
FishNet.Managing.NetworkManager:InternalLog (string) (at Assets/FishNet/Runtime/Managing/NetworkManager.Logging.cs:54)
FishNet.Managing.NetworkManagerExtensions:Log (FishNet.Managing.NetworkManager,string) (at Assets/FishNet/Runtime/Managing/NetworkManager.Logging.cs:123)
FishNet.Managing.Client.ClientManager:Transport_OnClientConnectionState (FishNet.Transporting.ClientConnectionStateArgs) (at Assets/FishNet/Runtime/Managing/Client/ClientManager.cs:330)
FishNet.Transporting.Tugboat.Tugboat:HandleClientConnectionState (FishNet.Transporting.ClientConnectionStateArgs) (at Assets/FishNet/Runtime/Transporting/Transports/Tugboat/Tugboat.cs:171)
FishNet.Transporting.Tugboat.CommonSocket:SetConnectionState (FishNet.Transporting.LocalConnectionState,bool) (at Assets/FishNet/Runtime/Transporting/Transports/Tugboat/Core/CommonSocket.cs:40)
FishNet.Transporting.Tugboat.Client.ClientSocket:IterateIncoming () (at Assets/FishNet/Runtime/Transporting/Transports/Tugboat/Core/ClientSocket.cs:274)
FishNet.Transporting.Tugboat.Tugboat:IterateIncoming (bool) (at Assets/FishNet/Runtime/Transporting/Transports/Tugboat/Tugboat.cs:211)
FishNet.Managing.Transporting.TransportManager:IterateIncoming (bool) (at Assets/FishNet/Runtime/Managing/Transporting/TransportManager.cs:705)
FishNet.Managing.Timing.TimeManager:TryIterateData (bool) (at Assets/FishNet/Runtime/Managing/Timing/TimeManager.cs:1043)
FishNet.Managing.Timing.TimeManager:IncreaseTick () (at Assets/FishNet/Runtime/Managing/Timing/TimeManager.cs:708)
FishNet.Managing.Timing.TimeManager:<TickUpdate>g__MethodLogic|100_0 () (at Assets/FishNet/Runtime/Managing/Timing/TimeManager.cs:376)
FishNet.Managing.Timing.TimeManager:TickUpdate () (at Assets/FishNet/Runtime/Managing/Timing/TimeManager.cs:366)
FishNet.Transporting.NetworkReaderLoop:Update () (at Assets/FishNet/Runtime/Transporting/NetworkReaderLoop.cs:28)

[7.79s] [PlayerConnectionHandler] OnClientConnectionState: Stopped, _isWaitingForHostReconnect=False, ReconnectionManager.IsWaiting=False
UnityEngine.Debug:Log (object)
PlayerConnectionHandler:OnClientConnectionState (FishNet.Transporting.ClientConnectionStateArgs) (at Assets/Scripts/Network/PlayerConnectionHandler.cs:165)
FishNet.Managing.Client.ClientManager:Transport_OnClientConnectionState (FishNet.Transporting.ClientConnectionStateArgs) (at Assets/FishNet/Runtime/Managing/Client/ClientManager.cs:334)
FishNet.Transporting.Tugboat.Tugboat:HandleClientConnectionState (FishNet.Transporting.ClientConnectionStateArgs) (at Assets/FishNet/Runtime/Transporting/Transports/Tugboat/Tugboat.cs:171)
FishNet.Transporting.Tugboat.CommonSocket:SetConnectionState (FishNet.Transporting.LocalConnectionState,bool) (at Assets/FishNet/Runtime/Transporting/Transports/Tugboat/Core/CommonSocket.cs:40)
FishNet.Transporting.Tugboat.Client.ClientSocket:IterateIncoming () (at Assets/FishNet/Runtime/Transporting/Transports/Tugboat/Core/ClientSocket.cs:274)
FishNet.Transporting.Tugboat.Tugboat:IterateIncoming (bool) (at Assets/FishNet/Runtime/Transporting/Transports/Tugboat/Tugboat.cs:211)
FishNet.Managing.Transporting.TransportManager:IterateIncoming (bool) (at Assets/FishNet/Runtime/Managing/Transporting/TransportManager.cs:705)
FishNet.Managing.Timing.TimeManager:TryIterateData (bool) (at Assets/FishNet/Runtime/Managing/Timing/TimeManager.cs:1043)
FishNet.Managing.Timing.TimeManager:IncreaseTick () (at Assets/FishNet/Runtime/Managing/Timing/TimeManager.cs:708)
FishNet.Managing.Timing.TimeManager:<TickUpdate>g__MethodLogic|100_0 () (at Assets/FishNet/Runtime/Managing/Timing/TimeManager.cs:376)
FishNet.Managing.Timing.TimeManager:TickUpdate () (at Assets/FishNet/Runtime/Managing/Timing/TimeManager.cs:366)
FishNet.Transporting.NetworkReaderLoop:Update () (at Assets/FishNet/Runtime/Transporting/NetworkReaderLoop.cs:28)

[7.79s] [PlayerConnectionHandler] Lost connection!
UnityEngine.Debug:Log (object)
PlayerConnectionHandler:OnClientConnectionState (FishNet.Transporting.ClientConnectionStateArgs) (at Assets/Scripts/Network/PlayerConnectionHandler.cs:193)
FishNet.Managing.Client.ClientManager:Transport_OnClientConnectionState (FishNet.Transporting.ClientConnectionStateArgs) (at Assets/FishNet/Runtime/Managing/Client/ClientManager.cs:334)
FishNet.Transporting.Tugboat.Tugboat:HandleClientConnectionState (FishNet.Transporting.ClientConnectionStateArgs) (at Assets/FishNet/Runtime/Transporting/Transports/Tugboat/Tugboat.cs:171)
FishNet.Transporting.Tugboat.CommonSocket:SetConnectionState (FishNet.Transporting.LocalConnectionState,bool) (at Assets/FishNet/Runtime/Transporting/Transports/Tugboat/Core/CommonSocket.cs:40)
FishNet.Transporting.Tugboat.Client.ClientSocket:IterateIncoming () (at Assets/FishNet/Runtime/Transporting/Transports/Tugboat/Core/ClientSocket.cs:274)
FishNet.Transporting.Tugboat.Tugboat:IterateIncoming (bool) (at Assets/FishNet/Runtime/Transporting/Transports/Tugboat/Tugboat.cs:211)
FishNet.Managing.Transporting.TransportManager:IterateIncoming (bool) (at Assets/FishNet/Runtime/Managing/Transporting/TransportManager.cs:705)
FishNet.Managing.Timing.TimeManager:TryIterateData (bool) (at Assets/FishNet/Runtime/Managing/Timing/TimeManager.cs:1043)
FishNet.Managing.Timing.TimeManager:IncreaseTick () (at Assets/FishNet/Runtime/Managing/Timing/TimeManager.cs:708)
FishNet.Managing.Timing.TimeManager:<TickUpdate>g__MethodLogic|100_0 () (at Assets/FishNet/Runtime/Managing/Timing/TimeManager.cs:376)
FishNet.Managing.Timing.TimeManager:TickUpdate () (at Assets/FishNet/Runtime/Managing/Timing/TimeManager.cs:366)
FishNet.Transporting.NetworkReaderLoop:Update () (at Assets/FishNet/Runtime/Transporting/NetworkReaderLoop.cs:28)

[7.79s] [PlayerConnectionHandler] Host disconnected! Starting reconnection wait...
UnityEngine.Debug:Log (object)
PlayerConnectionHandler:OnHostDisconnected () (at Assets/Scripts/Network/PlayerConnectionHandler.cs:235)
PlayerConnectionHandler:OnClientConnectionState (FishNet.Transporting.ClientConnectionStateArgs) (at Assets/Scripts/Network/PlayerConnectionHandler.cs:201)
FishNet.Managing.Client.ClientManager:Transport_OnClientConnectionState (FishNet.Transporting.ClientConnectionStateArgs) (at Assets/FishNet/Runtime/Managing/Client/ClientManager.cs:334)
FishNet.Transporting.Tugboat.Tugboat:HandleClientConnectionState (FishNet.Transporting.ClientConnectionStateArgs) (at Assets/FishNet/Runtime/Transporting/Transports/Tugboat/Tugboat.cs:171)
FishNet.Transporting.Tugboat.CommonSocket:SetConnectionState (FishNet.Transporting.LocalConnectionState,bool) (at Assets/FishNet/Runtime/Transporting/Transports/Tugboat/Core/CommonSocket.cs:40)
FishNet.Transporting.Tugboat.Client.ClientSocket:IterateIncoming () (at Assets/FishNet/Runtime/Transporting/Transports/Tugboat/Core/ClientSocket.cs:274)
FishNet.Transporting.Tugboat.Tugboat:IterateIncoming (bool) (at Assets/FishNet/Runtime/Transporting/Transports/Tugboat/Tugboat.cs:211)
FishNet.Managing.Transporting.TransportManager:IterateIncoming (bool) (at Assets/FishNet/Runtime/Managing/Transporting/TransportManager.cs:705)
FishNet.Managing.Timing.TimeManager:TryIterateData (bool) (at Assets/FishNet/Runtime/Managing/Timing/TimeManager.cs:1043)
FishNet.Managing.Timing.TimeManager:IncreaseTick () (at Assets/FishNet/Runtime/Managing/Timing/TimeManager.cs:708)
FishNet.Managing.Timing.TimeManager:<TickUpdate>g__MethodLogic|100_0 () (at Assets/FishNet/Runtime/Managing/Timing/TimeManager.cs:376)
FishNet.Managing.Timing.TimeManager:TickUpdate () (at Assets/FishNet/Runtime/Managing/Timing/TimeManager.cs:366)
FishNet.Transporting.NetworkReaderLoop:Update () (at Assets/FishNet/Runtime/Transporting/NetworkReaderLoop.cs:28)

[7.79s] [GameStateSnapshot] Starting capture. TurnNumber=0
UnityEngine.Debug:Log (object)
GameStateSnapshot:CaptureState (EncounterController,NetworkGameManager) (at Assets/Scripts/Network/GameStateSnapshot.cs:42)
PlayerConnectionHandler:OnHostDisconnected () (at Assets/Scripts/Network/PlayerConnectionHandler.cs:243)
PlayerConnectionHandler:OnClientConnectionState (FishNet.Transporting.ClientConnectionStateArgs) (at Assets/Scripts/Network/PlayerConnectionHandler.cs:201)
FishNet.Managing.Client.ClientManager:Transport_OnClientConnectionState (FishNet.Transporting.ClientConnectionStateArgs) (at Assets/FishNet/Runtime/Managing/Client/ClientManager.cs:334)
FishNet.Transporting.Tugboat.Tugboat:HandleClientConnectionState (FishNet.Transporting.ClientConnectionStateArgs) (at Assets/FishNet/Runtime/Transporting/Transports/Tugboat/Tugboat.cs:171)
FishNet.Transporting.Tugboat.CommonSocket:SetConnectionState (FishNet.Transporting.LocalConnectionState,bool) (at Assets/FishNet/Runtime/Transporting/Transports/Tugboat/Core/CommonSocket.cs:40)
FishNet.Transporting.Tugboat.Client.ClientSocket:IterateIncoming () (at Assets/FishNet/Runtime/Transporting/Transports/Tugboat/Core/ClientSocket.cs:274)
FishNet.Transporting.Tugboat.Tugboat:IterateIncoming (bool) (at Assets/FishNet/Runtime/Transporting/Transports/Tugboat/Tugboat.cs:211)
FishNet.Managing.Transporting.TransportManager:IterateIncoming (bool) (at Assets/FishNet/Runtime/Managing/Transporting/TransportManager.cs:705)
FishNet.Managing.Timing.TimeManager:TryIterateData (bool) (at Assets/FishNet/Runtime/Managing/Timing/TimeManager.cs:1043)
FishNet.Managing.Timing.TimeManager:IncreaseTick () (at Assets/FishNet/Runtime/Managing/Timing/TimeManager.cs:708)
FishNet.Managing.Timing.TimeManager:<TickUpdate>g__MethodLogic|100_0 () (at Assets/FishNet/Runtime/Managing/Timing/TimeManager.cs:376)
FishNet.Managing.Timing.TimeManager:TickUpdate () (at Assets/FishNet/Runtime/Managing/Timing/TimeManager.cs:366)
FishNet.Transporting.NetworkReaderLoop:Update () (at Assets/FishNet/Runtime/Transporting/NetworkReaderLoop.cs:28)

[7.80s] [GameStateSnapshot] Player controller: Player, currentHealth=20
UnityEngine.Debug:Log (object)
GameStateSnapshot:CaptureState (EncounterController,NetworkGameManager) (at Assets/Scripts/Network/GameStateSnapshot.cs:59)
PlayerConnectionHandler:OnHostDisconnected () (at Assets/Scripts/Network/PlayerConnectionHandler.cs:243)
PlayerConnectionHandler:OnClientConnectionState (FishNet.Transporting.ClientConnectionStateArgs) (at Assets/Scripts/Network/PlayerConnectionHandler.cs:201)
FishNet.Managing.Client.ClientManager:Transport_OnClientConnectionState (FishNet.Transporting.ClientConnectionStateArgs) (at Assets/FishNet/Runtime/Managing/Client/ClientManager.cs:334)
FishNet.Transporting.Tugboat.Tugboat:HandleClientConnectionState (FishNet.Transporting.ClientConnectionStateArgs) (at Assets/FishNet/Runtime/Transporting/Transports/Tugboat/Tugboat.cs:171)
FishNet.Transporting.Tugboat.CommonSocket:SetConnectionState (FishNet.Transporting.LocalConnectionState,bool) (at Assets/FishNet/Runtime/Transporting/Transports/Tugboat/Core/CommonSocket.cs:40)
FishNet.Transporting.Tugboat.Client.ClientSocket:IterateIncoming () (at Assets/FishNet/Runtime/Transporting/Transports/Tugboat/Core/ClientSocket.cs:274)
FishNet.Transporting.Tugboat.Tugboat:IterateIncoming (bool) (at Assets/FishNet/Runtime/Transporting/Transports/Tugboat/Tugboat.cs:211)
FishNet.Managing.Transporting.TransportManager:IterateIncoming (bool) (at Assets/FishNet/Runtime/Managing/Transporting/TransportManager.cs:705)
FishNet.Managing.Timing.TimeManager:TryIterateData (bool) (at Assets/FishNet/Runtime/Managing/Timing/TimeManager.cs:1043)
FishNet.Managing.Timing.TimeManager:IncreaseTick () (at Assets/FishNet/Runtime/Managing/Timing/TimeManager.cs:708)
FishNet.Managing.Timing.TimeManager:<TickUpdate>g__MethodLogic|100_0 () (at Assets/FishNet/Runtime/Managing/Timing/TimeManager.cs:376)
FishNet.Managing.Timing.TimeManager:TickUpdate () (at Assets/FishNet/Runtime/Managing/Timing/TimeManager.cs:366)
FishNet.Transporting.NetworkReaderLoop:Update () (at Assets/FishNet/Runtime/Transporting/NetworkReaderLoop.cs:28)

[7.80s] [GameStateSnapshot] Opponent controller: Opponent, currentHealth=20
UnityEngine.Debug:Log (object)
GameStateSnapshot:CaptureState (EncounterController,NetworkGameManager) (at Assets/Scripts/Network/GameStateSnapshot.cs:61)
PlayerConnectionHandler:OnHostDisconnected () (at Assets/Scripts/Network/PlayerConnectionHandler.cs:243)
PlayerConnectionHandler:OnClientConnectionState (FishNet.Transporting.ClientConnectionStateArgs) (at Assets/Scripts/Network/PlayerConnectionHandler.cs:201)
FishNet.Managing.Client.ClientManager:Transport_OnClientConnectionState (FishNet.Transporting.ClientConnectionStateArgs) (at Assets/FishNet/Runtime/Managing/Client/ClientManager.cs:334)
FishNet.Transporting.Tugboat.Tugboat:HandleClientConnectionState (FishNet.Transporting.ClientConnectionStateArgs) (at Assets/FishNet/Runtime/Transporting/Transports/Tugboat/Tugboat.cs:171)
FishNet.Transporting.Tugboat.CommonSocket:SetConnectionState (FishNet.Transporting.LocalConnectionState,bool) (at Assets/FishNet/Runtime/Transporting/Transports/Tugboat/Core/CommonSocket.cs:40)
FishNet.Transporting.Tugboat.Client.ClientSocket:IterateIncoming () (at Assets/FishNet/Runtime/Transporting/Transports/Tugboat/Core/ClientSocket.cs:274)
FishNet.Transporting.Tugboat.Tugboat:IterateIncoming (bool) (at Assets/FishNet/Runtime/Transporting/Transports/Tugboat/Tugboat.cs:211)
FishNet.Managing.Transporting.TransportManager:IterateIncoming (bool) (at Assets/FishNet/Runtime/Managing/Transporting/TransportManager.cs:705)
FishNet.Managing.Timing.TimeManager:TryIterateData (bool) (at Assets/FishNet/Runtime/Managing/Timing/TimeManager.cs:1043)
FishNet.Managing.Timing.TimeManager:IncreaseTick () (at Assets/FishNet/Runtime/Managing/Timing/TimeManager.cs:708)
FishNet.Managing.Timing.TimeManager:<TickUpdate>g__MethodLogic|100_0 () (at Assets/FishNet/Runtime/Managing/Timing/TimeManager.cs:376)
FishNet.Managing.Timing.TimeManager:TickUpdate () (at Assets/FishNet/Runtime/Managing/Timing/TimeManager.cs:366)
FishNet.Transporting.NetworkReaderLoop:Update () (at Assets/FishNet/Runtime/Transporting/NetworkReaderLoop.cs:28)

[7.80s] [PlayerSnapshot] NetworkPlayer unavailable, using local values: HP=20/20, Mana=0/0
UnityEngine.Debug:Log (object)
PlayerSnapshot:Capture (PlayerController,HandController,bool) (at Assets/Scripts/Network/GameStateSnapshot.cs:160)
GameStateSnapshot:CaptureState (EncounterController,NetworkGameManager) (at Assets/Scripts/Network/GameStateSnapshot.cs:66)
PlayerConnectionHandler:OnHostDisconnected () (at Assets/Scripts/Network/PlayerConnectionHandler.cs:243)
PlayerConnectionHandler:OnClientConnectionState (FishNet.Transporting.ClientConnectionStateArgs) (at Assets/Scripts/Network/PlayerConnectionHandler.cs:201)
FishNet.Managing.Client.ClientManager:Transport_OnClientConnectionState (FishNet.Transporting.ClientConnectionStateArgs) (at Assets/FishNet/Runtime/Managing/Client/ClientManager.cs:334)
FishNet.Transporting.Tugboat.Tugboat:HandleClientConnectionState (FishNet.Transporting.ClientConnectionStateArgs) (at Assets/FishNet/Runtime/Transporting/Transports/Tugboat/Tugboat.cs:171)
FishNet.Transporting.Tugboat.CommonSocket:SetConnectionState (FishNet.Transporting.LocalConnectionState,bool) (at Assets/FishNet/Runtime/Transporting/Transports/Tugboat/Core/CommonSocket.cs:40)
FishNet.Transporting.Tugboat.Client.ClientSocket:IterateIncoming () (at Assets/FishNet/Runtime/Transporting/Transports/Tugboat/Core/ClientSocket.cs:274)
FishNet.Transporting.Tugboat.Tugboat:IterateIncoming (bool) (at Assets/FishNet/Runtime/Transporting/Transports/Tugboat/Tugboat.cs:211)
FishNet.Managing.Transporting.TransportManager:IterateIncoming (bool) (at Assets/FishNet/Runtime/Managing/Transporting/TransportManager.cs:705)
FishNet.Managing.Timing.TimeManager:TryIterateData (bool) (at Assets/FishNet/Runtime/Managing/Timing/TimeManager.cs:1043)
FishNet.Managing.Timing.TimeManager:IncreaseTick () (at Assets/FishNet/Runtime/Managing/Timing/TimeManager.cs:708)
FishNet.Managing.Timing.TimeManager:<TickUpdate>g__MethodLogic|100_0 () (at Assets/FishNet/Runtime/Managing/Timing/TimeManager.cs:376)
FishNet.Managing.Timing.TimeManager:TickUpdate () (at Assets/FishNet/Runtime/Managing/Timing/TimeManager.cs:366)
FishNet.Transporting.NetworkReaderLoop:Update () (at Assets/FishNet/Runtime/Transporting/NetworkReaderLoop.cs:28)

[7.80s] [PlayerSnapshot] NetworkPlayer unavailable, using local values: HP=20/20, Mana=0/0
UnityEngine.Debug:Log (object)
PlayerSnapshot:Capture (PlayerController,HandController,bool) (at Assets/Scripts/Network/GameStateSnapshot.cs:160)
GameStateSnapshot:CaptureState (EncounterController,NetworkGameManager) (at Assets/Scripts/Network/GameStateSnapshot.cs:71)
PlayerConnectionHandler:OnHostDisconnected () (at Assets/Scripts/Network/PlayerConnectionHandler.cs:243)
PlayerConnectionHandler:OnClientConnectionState (FishNet.Transporting.ClientConnectionStateArgs) (at Assets/Scripts/Network/PlayerConnectionHandler.cs:201)
FishNet.Managing.Client.ClientManager:Transport_OnClientConnectionState (FishNet.Transporting.ClientConnectionStateArgs) (at Assets/FishNet/Runtime/Managing/Client/ClientManager.cs:334)
FishNet.Transporting.Tugboat.Tugboat:HandleClientConnectionState (FishNet.Transporting.ClientConnectionStateArgs) (at Assets/FishNet/Runtime/Transporting/Transports/Tugboat/Tugboat.cs:171)
FishNet.Transporting.Tugboat.CommonSocket:SetConnectionState (FishNet.Transporting.LocalConnectionState,bool) (at Assets/FishNet/Runtime/Transporting/Transports/Tugboat/Core/CommonSocket.cs:40)
FishNet.Transporting.Tugboat.Client.ClientSocket:IterateIncoming () (at Assets/FishNet/Runtime/Transporting/Transports/Tugboat/Core/ClientSocket.cs:274)
FishNet.Transporting.Tugboat.Tugboat:IterateIncoming (bool) (at Assets/FishNet/Runtime/Transporting/Transports/Tugboat/Tugboat.cs:211)
FishNet.Managing.Transporting.TransportManager:IterateIncoming (bool) (at Assets/FishNet/Runtime/Managing/Transporting/TransportManager.cs:705)
FishNet.Managing.Timing.TimeManager:TryIterateData (bool) (at Assets/FishNet/Runtime/Managing/Timing/TimeManager.cs:1043)
FishNet.Managing.Timing.TimeManager:IncreaseTick () (at Assets/FishNet/Runtime/Managing/Timing/TimeManager.cs:708)
FishNet.Managing.Timing.TimeManager:<TickUpdate>g__MethodLogic|100_0 () (at Assets/FishNet/Runtime/Managing/Timing/TimeManager.cs:376)
FishNet.Managing.Timing.TimeManager:TickUpdate () (at Assets/FishNet/Runtime/Managing/Timing/TimeManager.cs:366)
FishNet.Transporting.NetworkReaderLoop:Update () (at Assets/FishNet/Runtime/Transporting/NetworkReaderLoop.cs:28)

[7.80s] [GameStateSnapshot] Captured state: Turn 0, Player HP: 20, Opponent HP: 20
UnityEngine.Debug:Log (object)
GameStateSnapshot:CaptureState (EncounterController,NetworkGameManager) (at Assets/Scripts/Network/GameStateSnapshot.cs:74)
PlayerConnectionHandler:OnHostDisconnected () (at Assets/Scripts/Network/PlayerConnectionHandler.cs:243)
PlayerConnectionHandler:OnClientConnectionState (FishNet.Transporting.ClientConnectionStateArgs) (at Assets/Scripts/Network/PlayerConnectionHandler.cs:201)
FishNet.Managing.Client.ClientManager:Transport_OnClientConnectionState (FishNet.Transporting.ClientConnectionStateArgs) (at Assets/FishNet/Runtime/Managing/Client/ClientManager.cs:334)
FishNet.Transporting.Tugboat.Tugboat:HandleClientConnectionState (FishNet.Transporting.ClientConnectionStateArgs) (at Assets/FishNet/Runtime/Transporting/Transports/Tugboat/Tugboat.cs:171)
FishNet.Transporting.Tugboat.CommonSocket:SetConnectionState (FishNet.Transporting.LocalConnectionState,bool) (at Assets/FishNet/Runtime/Transporting/Transports/Tugboat/Core/CommonSocket.cs:40)
FishNet.Transporting.Tugboat.Client.ClientSocket:IterateIncoming () (at Assets/FishNet/Runtime/Transporting/Transports/Tugboat/Core/ClientSocket.cs:274)
FishNet.Transporting.Tugboat.Tugboat:IterateIncoming (bool) (at Assets/FishNet/Runtime/Transporting/Transports/Tugboat/Tugboat.cs:211)
FishNet.Managing.Transporting.TransportManager:IterateIncoming (bool) (at Assets/FishNet/Runtime/Managing/Transporting/TransportManager.cs:705)
FishNet.Managing.Timing.TimeManager:TryIterateData (bool) (at Assets/FishNet/Runtime/Managing/Timing/TimeManager.cs:1043)
FishNet.Managing.Timing.TimeManager:IncreaseTick () (at Assets/FishNet/Runtime/Managing/Timing/TimeManager.cs:708)
FishNet.Managing.Timing.TimeManager:<TickUpdate>g__MethodLogic|100_0 () (at Assets/FishNet/Runtime/Managing/Timing/TimeManager.cs:376)
FishNet.Managing.Timing.TimeManager:TickUpdate () (at Assets/FishNet/Runtime/Managing/Timing/TimeManager.cs:366)
FishNet.Transporting.NetworkReaderLoop:Update () (at Assets/FishNet/Runtime/Transporting/NetworkReaderLoop.cs:28)

[7.80s] [PlayerConnectionHandler] Game state saved: True
UnityEngine.Debug:Log (object)
PlayerConnectionHandler:OnHostDisconnected () (at Assets/Scripts/Network/PlayerConnectionHandler.cs:245)
PlayerConnectionHandler:OnClientConnectionState (FishNet.Transporting.ClientConnectionStateArgs) (at Assets/Scripts/Network/PlayerConnectionHandler.cs:201)
FishNet.Managing.Client.ClientManager:Transport_OnClientConnectionState (FishNet.Transporting.ClientConnectionStateArgs) (at Assets/FishNet/Runtime/Managing/Client/ClientManager.cs:334)
FishNet.Transporting.Tugboat.Tugboat:HandleClientConnectionState (FishNet.Transporting.ClientConnectionStateArgs) (at Assets/FishNet/Runtime/Transporting/Transports/Tugboat/Tugboat.cs:171)
FishNet.Transporting.Tugboat.CommonSocket:SetConnectionState (FishNet.Transporting.LocalConnectionState,bool) (at Assets/FishNet/Runtime/Transporting/Transports/Tugboat/Core/CommonSocket.cs:40)
FishNet.Transporting.Tugboat.Client.ClientSocket:IterateIncoming () (at Assets/FishNet/Runtime/Transporting/Transports/Tugboat/Core/ClientSocket.cs:274)
FishNet.Transporting.Tugboat.Tugboat:IterateIncoming (bool) (at Assets/FishNet/Runtime/Transporting/Transports/Tugboat/Tugboat.cs:211)
FishNet.Managing.Transporting.TransportManager:IterateIncoming (bool) (at Assets/FishNet/Runtime/Managing/Transporting/TransportManager.cs:705)
FishNet.Managing.Timing.TimeManager:TryIterateData (bool) (at Assets/FishNet/Runtime/Managing/Timing/TimeManager.cs:1043)
FishNet.Managing.Timing.TimeManager:IncreaseTick () (at Assets/FishNet/Runtime/Managing/Timing/TimeManager.cs:708)
FishNet.Managing.Timing.TimeManager:<TickUpdate>g__MethodLogic|100_0 () (at Assets/FishNet/Runtime/Managing/Timing/TimeManager.cs:376)
FishNet.Managing.Timing.TimeManager:TickUpdate () (at Assets/FishNet/Runtime/Managing/Timing/TimeManager.cs:366)
FishNet.Transporting.NetworkReaderLoop:Update () (at Assets/FishNet/Runtime/Transporting/NetworkReaderLoop.cs:28)

[7.80s] [PlayerConnectionHandler] Saved connection info: localhost:7770
UnityEngine.Debug:Log (object)
PlayerConnectionHandler:OnHostDisconnected () (at Assets/Scripts/Network/PlayerConnectionHandler.cs:255)
PlayerConnectionHandler:OnClientConnectionState (FishNet.Transporting.ClientConnectionStateArgs) (at Assets/Scripts/Network/PlayerConnectionHandler.cs:201)
FishNet.Managing.Client.ClientManager:Transport_OnClientConnectionState (FishNet.Transporting.ClientConnectionStateArgs) (at Assets/FishNet/Runtime/Managing/Client/ClientManager.cs:334)
FishNet.Transporting.Tugboat.Tugboat:HandleClientConnectionState (FishNet.Transporting.ClientConnectionStateArgs) (at Assets/FishNet/Runtime/Transporting/Transports/Tugboat/Tugboat.cs:171)
FishNet.Transporting.Tugboat.CommonSocket:SetConnectionState (FishNet.Transporting.LocalConnectionState,bool) (at Assets/FishNet/Runtime/Transporting/Transports/Tugboat/Core/CommonSocket.cs:40)
FishNet.Transporting.Tugboat.Client.ClientSocket:IterateIncoming () (at Assets/FishNet/Runtime/Transporting/Transports/Tugboat/Core/ClientSocket.cs:274)
FishNet.Transporting.Tugboat.Tugboat:IterateIncoming (bool) (at Assets/FishNet/Runtime/Transporting/Transports/Tugboat/Tugboat.cs:211)
FishNet.Managing.Transporting.TransportManager:IterateIncoming (bool) (at Assets/FishNet/Runtime/Managing/Transporting/TransportManager.cs:705)
FishNet.Managing.Timing.TimeManager:TryIterateData (bool) (at Assets/FishNet/Runtime/Managing/Timing/TimeManager.cs:1043)
FishNet.Managing.Timing.TimeManager:IncreaseTick () (at Assets/FishNet/Runtime/Managing/Timing/TimeManager.cs:708)
FishNet.Managing.Timing.TimeManager:<TickUpdate>g__MethodLogic|100_0 () (at Assets/FishNet/Runtime/Managing/Timing/TimeManager.cs:376)
FishNet.Managing.Timing.TimeManager:TickUpdate () (at Assets/FishNet/Runtime/Managing/Timing/TimeManager.cs:366)
FishNet.Transporting.NetworkReaderLoop:Update () (at Assets/FishNet/Runtime/Transporting/NetworkReaderLoop.cs:28)

[7.80s] [EncounterController] Host disconnected! Waiting 120s for reconnect...
UnityEngine.Debug:Log (object)
EncounterController:OnHostDisconnected (single) (at Assets/Scripts/Controllers/EncounterController.cs:655)
PlayerConnectionHandler:OnHostDisconnected () (at Assets/Scripts/Network/PlayerConnectionHandler.cs:271)
PlayerConnectionHandler:OnClientConnectionState (FishNet.Transporting.ClientConnectionStateArgs) (at Assets/Scripts/Network/PlayerConnectionHandler.cs:201)
FishNet.Managing.Client.ClientManager:Transport_OnClientConnectionState (FishNet.Transporting.ClientConnectionStateArgs) (at Assets/FishNet/Runtime/Managing/Client/ClientManager.cs:334)
FishNet.Transporting.Tugboat.Tugboat:HandleClientConnectionState (FishNet.Transporting.ClientConnectionStateArgs) (at Assets/FishNet/Runtime/Transporting/Transports/Tugboat/Tugboat.cs:171)
FishNet.Transporting.Tugboat.CommonSocket:SetConnectionState (FishNet.Transporting.LocalConnectionState,bool) (at Assets/FishNet/Runtime/Transporting/Transports/Tugboat/Core/CommonSocket.cs:40)
FishNet.Transporting.Tugboat.Client.ClientSocket:IterateIncoming () (at Assets/FishNet/Runtime/Transporting/Transports/Tugboat/Core/ClientSocket.cs:274)
FishNet.Transporting.Tugboat.Tugboat:IterateIncoming (bool) (at Assets/FishNet/Runtime/Transporting/Transports/Tugboat/Tugboat.cs:211)
FishNet.Managing.Transporting.TransportManager:IterateIncoming (bool) (at Assets/FishNet/Runtime/Managing/Transporting/TransportManager.cs:705)
FishNet.Managing.Timing.TimeManager:TryIterateData (bool) (at Assets/FishNet/Runtime/Managing/Timing/TimeManager.cs:1043)
FishNet.Managing.Timing.TimeManager:IncreaseTick () (at Assets/FishNet/Runtime/Managing/Timing/TimeManager.cs:708)
FishNet.Managing.Timing.TimeManager:<TickUpdate>g__MethodLogic|100_0 () (at Assets/FishNet/Runtime/Managing/Timing/TimeManager.cs:376)
FishNet.Managing.Timing.TimeManager:TickUpdate () (at Assets/FishNet/Runtime/Managing/Timing/TimeManager.cs:366)
FishNet.Transporting.NetworkReaderLoop:Update () (at Assets/FishNet/Runtime/Transporting/NetworkReaderLoop.cs:28)


=== Log ended: 2026-01-09 10:43:18 ===
